check-credentials.ts(36,57): error TS2345: Argument of type 'string | undefined' is not assignable to parameter of type 'string'.
  Type 'undefined' is not assignable to type 'string'.
components/shop/accessory-card.tsx(95,21): error TS2322: Type '(e: React.MouseEvent) => void' is not assignable to type '(e?: MouseEvent<HTMLButtonElement, MouseEvent> | undefined) => void'.
  Types of parameters 'e' and 'e' are incompatible.
    Type 'MouseEvent<HTMLButtonElement, MouseEvent> | undefined' is not assignable to type 'MouseEvent<Element, MouseEvent>'.
      Type 'undefined' is not assignable to type 'MouseEvent<Element, MouseEvent>'.
components/shop/accessory-upsell-modal.tsx(61,13): error TS2353: Object literal may only specify known properties, and 'parentProductId' does not exist in type 'Omit<CartItem, "quantity">'.
diagnose-db.ts(14,47): error TS18048: 'db' is possibly 'undefined'.
diagnose-db.ts(16,35): error TS18048: 'db' is possibly 'undefined'.
diagnose-db.ts(20,33): error TS18048: 'db' is possibly 'undefined'.
mini-check.ts(8,29): error TS18048: 'db' is possibly 'undefined'.
mini-check.ts(9,29): error TS18048: 'db' is possibly 'undefined'.
